// Jest Snapshot v1, https://goo.gl/fbAQLP

exports[`RichText snapshot 1`] = `
.c5 {
  margin: 24px 0;
  padding: 0;
  list-style: none;
}

.c5 li {
  color: inherit;
  padding: 2px 0;
}

.c5 li::before {
  content: '';
  display: inline-block;
  width: 8px;
  height: 8px;
  margin-bottom: 1px;
  background-color: #007C98;
  border-radius: 50%;
  margin-right: 8px;
}

.c2 {
  -webkit-text-decoration: none;
  text-decoration: none;
  color: #007C98;
  -webkit-transition: all 300ms cubic-bezier(0.77,0,0.175,1);
  transition: all 300ms cubic-bezier(0.77,0,0.175,1);
  cursor: pointer;
}

.c2:hover,
.c2:focus {
  -webkit-text-decoration: underline;
  text-decoration: underline;
  color: #005E73;
}

.c7 {
  display: block;
  max-width: 100%;
}

.c1 {
  font-family: "Effra","Helvetica Neue",Helvetica,Arial,sans-serif;
  font-weight: 400;
  color: #333333;
  text-transform: none;
  max-width: 60em;
  font-size: 16px;
  margin: 0 0 1.5em;
  font-weight: normal;
}

.c0 {
  font-family: "Effra","Helvetica Neue",Helvetica,Arial,sans-serif;
  font-weight: 400;
  color: #333333;
  text-transform: none;
  max-width: 60em;
  font-size: 30px;
}

.c3 {
  font-family: "Effra","Helvetica Neue",Helvetica,Arial,sans-serif;
  font-weight: 400;
  color: #333333;
  text-transform: none;
  max-width: 60em;
  font-size: 26px;
}

.c4 {
  font-family: "Effra","Helvetica Neue",Helvetica,Arial,sans-serif;
  font-weight: 400;
  color: #333333;
  text-transform: none;
  max-width: 60em;
  font-size: 22px;
}

.c6 {
  font-family: "Effra","Helvetica Neue",Helvetica,Arial,sans-serif;
  font-weight: 400;
  color: #333333;
  text-transform: none;
  max-width: 60em;
  font-size: 18px;
  font-weight: 500;
}

@media screen and (min-width:800px) {
  .c0 {
    font-size: 40px;
  }
}

@media screen and (min-width:800px) {
  .c3 {
    font-size: 30px;
  }
}

@media screen and (min-width:800px) {
  .c4 {
    font-size: 24px;
    font-weight: 300;
  }
}

<div>
  <h1
    class="c0"
  >
    Potenti et eros sed justo commodo bibendum
  </h1>
  <p
    class="c1"
  >
    Potenti et eros sed justo 
    <strong>
      commodo bibendum non at nunc
    </strong>
    . 
    <em>
      Donec a congue leo
    </em>
    . Nunc iaculis risus vel orci ornare dignissim sed vitae nulla. Duis sagittis, est sit amet gravida tristique, 
    <a
      class="c2"
      color="#007C98"
      href="https://fairfx.com"
      rel="noopener"
      target="_blank"
    >
      purus lectus venenatis urna
    </a>
    , id molestie magna risus ut nunc. 
    <br />
    Nulla auctor eleifend turpis consequat pharetra. Aliquam nisl enim, tristique tempus placerat at, posuere in lectus. 
    <a
      class="c2"
      color="#007C98"
      href="https://fairfx.com"
    >
      Suspendisse potenti cras
    </a>
     molestie, risus a enim convallis vitae luctus libero lacinia.
  </p>
  <h2
    class="c3"
  >
    Potenti et eros sed justo commodo bibendum
  </h2>
  <p
    class="c1"
  >
    <a
      class="c2"
      color="#007C98"
      href=""
    >
      Potenti et eros sed justo commodo bibendum
    </a>
     non at nunc. Donec a congue leo. Nunc iaculis risus vel orci ornare dignissim sed vitae nulla. Duis sagittis, est sit amet gravida tristique, purus lectus venenatis urna, id molestie magna risus ut nunc. Nulla auctor eleifend turpis consequat pharetra. Aliquam nisl enim, tristique tempus placerat at, posuere in lectus. Suspendisse potenti cras molestie, risus a enim convallis vitae luctus libero lacinia.
  </p>
  <ol>
    <li>
      Potenti et eros sed 
      <br />
      justo commodo
    </li>
    <li>
      Potenti et eros sed justo commodo
    </li>
    <li>
      Potenti et eros sed justo commodo
    </li>
    <li>
      Potenti et eros sed justo commodo
    </li>
  </ol>
  <h3
    class="c4"
  >
    Potenti et eros sed justo commodo bibendum
  </h3>
  <p
    class="c1"
  >
    Potenti et eros sed justo commodo bibendum non at nunc. Donec a congue leo. Nunc iaculis risus vel orci ornare dignissim sed vitae nulla. Duis sagittis, est sit amet gravida tristique, purus lectus venenatis urna, id molestie magna risus ut nunc. Nulla auctor eleifend turpis consequat pharetra. Aliquam nisl enim, tristique tempus placerat at, posuere in lectus. Suspendisse potenti cras molestie, risus a enim convallis vitae luctus libero lacinia.
  </p>
  <ul
    class="c5"
  >
    <li>
      Potenti et eros sed justo commodo
    </li>
    <li>
      Potenti et eros sed justo commodo
    </li>
    <li>
      Potenti et eros sed justo commodo
    </li>
    <li>
      Potenti et eros sed justo commodo
    </li>
  </ul>
  <h4
    class="c6"
  >
    Potenti et eros sed justo commodo bibendum
  </h4>
  <p
    class="c1"
  >
    Potenti et eros sed justo commodo bibendum non at nunc. Donec a congue leo. Nunc iaculis risus vel orci ornare dignissim sed vitae nulla.
  </p>
  <p
    class=" block-img"
  >
    <img
      alt=""
      class="c7"
      src="https://images.unsplash.com/photo-1532444143931-9f60a76242e7?ixlib=rb-0.3.5&q=80&fm=jpg&crop=entropy&cs=tinysrgb&w=1080&fit=max&ixid=eyJhcHBfaWQiOjY2MDJ9&s=fee52288790c4c19f99e32ac1d489a4c"
    />
  </p>
  <h4
    class="c6"
  >
    Potenti et eros sed justo commodo bibendum
  </h4>
  <p
    class="c1"
  >
    Potenti et eros sed justo commodo bibendum non at nunc. Donec a congue leo. Nunc iaculis risus vel orci ornare dignissim sed vitae nulla.
  </p>
  <div
    data-oembed="https://www.youtube.com/watch?v=aI_pNBBQBvE"
    data-oembed-provider="YouTube"
    data-oembed-type="video"
  >
    <div>
      <iframe
        allow="autoplay; encrypted-media"
        allowfullscreen=""
        frameborder="0"
        height="270"
        src="https://www.youtube.com/embed/aI_pNBBQBvE?feature=oembed"
        width="480"
      />
    </div>
  </div>
</div>
`;
